// Jest Snapshot v1, https://goo.gl/fbAQLP

exports[`should render ExpenseListItem with expense data 1`] = `
<div>
  <Link
    to="/edit/3"
  >
    <h3>
      rent
    </h3>
  </Link>
  <p>
    200
     - 
    345600000
  </p>
</div>
`;
